516733:parse
3:.parse_imp_tab
2:.parse_stack
11:.parse_stack_tab
12:.parse_stack_lf
6:.parse_arith
22:.parse_arith_space
23:.parse_arith_tab
7:.parse_heap
4:.parse_flow
38:.parse_flow_space
39:.parse_flow_tab
40:.parse_flow_lf
8:.parse_io
54:.parse_io_space
55:.parse_io_tab
66:.parse_signed
68:.parse_signed_negative
69:.parse_signed_zero
67:.parse_unsigned
71:.parse_unsigned_loop
72:.parse_unsigned_zero
73:.parse_unsigned_one
74:.parse_unsigned_end
1:.read_char
10:.parsed_push
18:.parsed_dup
14:.parsed_copy
19:.parsed_swap
20:.parsed_drop
16:.parsed_slide
26:.parsed_add
27:.parsed_sub
28:.parsed_mul
30:.parsed_div
31:.parsed_mod
34:.parsed_store
35:.parsed_retrieve
43:.parsed_call
44:.parsed_jmp
46:.parsed_jz
47:.parsed_jn
48:.parsed_ret
52:.parsed_end
58:.parsed_printc
59:.parsed_printi
62:.parsed_readc
63:.parsed_readi
42:.parsed_label
77:.parsed_inst_label_arg
75:.parsed_inst_number_arg
78:.store_inst_arg
76:.parsed_inst
1114086371603:setup_labels
79:.jump_loop
81:.label_loop
84:.label_loop_continue
85:.jump_loop_continue
83:.replace_label
2026545180:interpret
88:.select_next_inst
87:.select_inst
95:.select_inst_RRL
93:.select_inst_RL
101:.select_inst_RLL
91:.select_inst_L
109:.select_inst_LRL
107:.select_inst_LL
115:.select_inst_LLL
90:.do_push
92:.do_dup
111:.do_copy
112:.do_swap
98:.do_drop
113:.do_slide
110:.do_add
94:.do_sub
99:.do_mul
117:.do_div
119:.do_mod
106:.do_store
108:.do_retrieve
96:.do_call
114:.do_jmp
100:.do_jz
118:.do_jn
104:.do_ret
97:.do_end
102:.do_printc
116:.do_printi
103:.do_readc
105:.do_readi
122:.arith_retrieve
123:.arith_store
126:.pop_stack
125:.to_heap_addr
129:.to_heap_addr_done
128:.to_heap_addr_neg
120:.check_stack_underflow
127:.check_call_stack_underflow
17:.err_incomplete_ST
21:.err_incomplete_SL
13:.err_incomplete_S
29:.err_incomplete_TSS
33:.err_incomplete_TST
25:.err_incomplete_TS
37:.err_incomplete_TT
61:.err_incomplete_TLS
65:.err_incomplete_TLT
57:.err_incomplete_TL
9:.err_incomplete_T
45:.err_incomplete_LS
49:.err_incomplete_LT
53:.err_incomplete_LL
41:.err_incomplete_L
135:.err_incomplete
15:.err_invalid_STT
24:.err_invalid_TSL
32:.err_invalid_TSTL
36:.err_invalid_TTL
56:.err_invalid_TLL
60:.err_invalid_TLSL
64:.err_invalid_TLTL
50:.err_invalid_LLS
51:.err_invalid_LLT
138:.err_invalid
70:.err_unterminated_number
121:.err_unimplemented_inst
82:.err_label_not_found
130:.err_stack_underflow
131:.err_call_stack_underflow
124:.err_division_by_zero
134:.str_space
132:.str_tab
133:.str_lf
142:.str_error
136:.str_instruction
140:.str_stack_underflow
137:.println_error
139:.print_error
524836:print
144:.print_done
33590478:println
86:.debug_dump_program
145:.debug_dump_loop
146:.debug_dump_break
89:.debug_print_inst
147:.debug_print_push
148:.debug_print_dup
149:.debug_print_copy
150:.debug_print_swap
151:.debug_print_drop
152:.debug_print_slide
153:.debug_print_add
154:.debug_print_sub
155:.debug_print_mul
156:.debug_print_div
157:.debug_print_mod
158:.debug_print_store
159:.debug_print_retrieve
160:.debug_print_call
161:.debug_print_jmp
162:.debug_print_jz
163:.debug_print_jn
164:.debug_print_ret
165:.debug_print_end
166:.debug_print_printc
167:.debug_print_printi
168:.debug_print_readc
169:.debug_print_readi
170:.debug_print_arg
